[0.008s][info][gc] Using G1
[0.009s][info][gc,init] Version: 17.0.1+12-LTS (release)
[0.009s][info][gc,init] CPUs: 4 total, 4 available
[0.009s][info][gc,init] Memory: 16297M
[0.009s][info][gc,init] Large Page Support: Disabled
[0.009s][info][gc,init] NUMA Support: Disabled
[0.009s][info][gc,init] Compressed Oops: Enabled (Zero based)
[0.009s][info][gc,init] Heap Region Size: 2M
[0.009s][info][gc,init] Heap Min Capacity: 2M
[0.009s][info][gc,init] Heap Initial Capacity: 2M
[0.009s][info][gc,init] Heap Max Capacity: 4076M
[0.009s][info][gc,init] Pre-touch: Disabled
[0.009s][info][gc,init] Parallel Workers: 4
[0.009s][info][gc,init] Concurrent Workers: 1
[0.009s][info][gc,init] Concurrent Refinement Workers: 4
[0.009s][info][gc,init] Periodic GC: Disabled
[0.010s][info][gc,metaspace] CDS archive(s) mapped at: [0x0000000800000000-0x0000000800bc0000-0x0000000800bc0000), size 12320768, SharedBaseAddress: 0x0000000800000000, ArchiveRelocationMode: 0.
[0.010s][info][gc,metaspace] Compressed class space mapped at: 0x0000000800c00000-0x0000000840c00000, reserved size: 1073741824
[0.010s][info][gc,metaspace] Narrow klass base: 0x0000000800000000, Narrow klass shift: 0, Narrow klass range: 0x100000000
[0.091s][info][gc,start    ] GC(0) Pause Young (Normal) (G1 Evacuation Pause)
[0.091s][info][gc,task     ] GC(0) Using 2 workers of 4 for evacuation
[0.093s][info][gc,phases   ] GC(0)   Pre Evacuate Collection Set: 0.1ms
[0.093s][info][gc,phases   ] GC(0)   Merge Heap Roots: 0.1ms
[0.093s][info][gc,phases   ] GC(0)   Evacuate Collection Set: 1.1ms
[0.093s][info][gc,phases   ] GC(0)   Post Evacuate Collection Set: 0.4ms
[0.093s][info][gc,phases   ] GC(0)   Other: 0.2ms
[0.093s][info][gc,heap     ] GC(0) Eden regions: 1->0(1)
[0.093s][info][gc,heap     ] GC(0) Survivor regions: 0->1(1)
[0.093s][info][gc,heap     ] GC(0) Old regions: 0->0
[0.093s][info][gc,heap     ] GC(0) Archive regions: 0->0
[0.093s][info][gc,heap     ] GC(0) Humongous regions: 0->0
[0.093s][info][gc,metaspace] GC(0) Metaspace: 1590K(1664K)->1590K(1664K) NonClass: 1450K(1472K)->1450K(1472K) Class: 139K(192K)->139K(192K)
[0.093s][info][gc          ] GC(0) Pause Young (Normal) (G1 Evacuation Pause) 2M->0M(4M) 1.994ms
[0.093s][info][gc,cpu      ] GC(0) User=0.00s Sys=0.00s Real=0.00s
[0.112s][info][gc,start    ] GC(1) Pause Young (Normal) (G1 Evacuation Pause)
[0.112s][info][gc,task     ] GC(1) Using 2 workers of 4 for evacuation
[0.113s][info][gc,phases   ] GC(1)   Pre Evacuate Collection Set: 0.1ms
[0.113s][info][gc,phases   ] GC(1)   Merge Heap Roots: 0.1ms
[0.113s][info][gc,phases   ] GC(1)   Evacuate Collection Set: 1.1ms
[0.114s][info][gc,phases   ] GC(1)   Post Evacuate Collection Set: 0.3ms
[0.114s][info][gc,phases   ] GC(1)   Other: 0.1ms
[0.114s][info][gc,heap     ] GC(1) Eden regions: 1->0(1)
[0.114s][info][gc,heap     ] GC(1) Survivor regions: 1->1(1)
[0.114s][info][gc,heap     ] GC(1) Old regions: 0->0
[0.114s][info][gc,heap     ] GC(1) Archive regions: 0->0
[0.114s][info][gc,heap     ] GC(1) Humongous regions: 0->0
[0.114s][info][gc,metaspace] GC(1) Metaspace: 1627K(1792K)->1627K(1792K) NonClass: 1486K(1600K)->1486K(1600K) Class: 141K(192K)->141K(192K)
[0.114s][info][gc          ] GC(1) Pause Young (Normal) (G1 Evacuation Pause) 2M->1M(6M) 1.906ms
[0.114s][info][gc,cpu      ] GC(1) User=0.00s Sys=0.00s Real=0.00s
[0.120s][info][gc,start    ] GC(2) Pause Young (Normal) (G1 Preventive Collection)
[0.120s][info][gc,task     ] GC(2) Using 2 workers of 4 for evacuation
[0.122s][info][gc,phases   ] GC(2)   Pre Evacuate Collection Set: 0.1ms
[0.122s][info][gc,phases   ] GC(2)   Merge Heap Roots: 0.1ms
[0.122s][info][gc,phases   ] GC(2)   Evacuate Collection Set: 0.9ms
[0.122s][info][gc,phases   ] GC(2)   Post Evacuate Collection Set: 0.4ms
[0.122s][info][gc,phases   ] GC(2)   Other: 0.1ms
[0.122s][info][gc,heap     ] GC(2) Eden regions: 1->0(1)
[0.122s][info][gc,heap     ] GC(2) Survivor regions: 1->1(1)
[0.122s][info][gc,heap     ] GC(2) Old regions: 0->0
[0.122s][info][gc,heap     ] GC(2) Archive regions: 0->0
[0.122s][info][gc,heap     ] GC(2) Humongous regions: 0->0
[0.122s][info][gc,metaspace] GC(2) Metaspace: 1627K(1792K)->1627K(1792K) NonClass: 1486K(1600K)->1486K(1600K) Class: 141K(192K)->141K(192K)
[0.122s][info][gc          ] GC(2) Pause Young (Normal) (G1 Preventive Collection) 3M->1M(6M) 1.713ms
[0.122s][info][gc,cpu      ] GC(2) User=0.00s Sys=0.00s Real=0.00s
[0.128s][info][gc,heap,exit] Heap
[0.128s][info][gc,heap,exit]  garbage-first heap   total 6144K, used 2574K [0x0000000701400000, 0x0000000800000000)
[0.128s][info][gc,heap,exit]   region size 2048K, 2 young (4096K), 1 survivors (2048K)
[0.128s][info][gc,heap,exit]  Metaspace       used 1656K, committed 1792K, reserved 1056768K
[0.128s][info][gc,heap,exit]   class space    used 143K, committed 192K, reserved 1048576K
