[0.007s][info][gc] Using G1
[0.007s][info][gc,init] Version: 17.0.1+12-LTS (release)
[0.007s][info][gc,init] CPUs: 4 total, 4 available
[0.007s][info][gc,init] Memory: 16297M
[0.007s][info][gc,init] Large Page Support: Disabled
[0.007s][info][gc,init] NUMA Support: Disabled
[0.007s][info][gc,init] Compressed Oops: Enabled (Zero based)
[0.007s][info][gc,init] Heap Region Size: 2M
[0.007s][info][gc,init] Heap Min Capacity: 2M
[0.007s][info][gc,init] Heap Initial Capacity: 2M
[0.007s][info][gc,init] Heap Max Capacity: 4076M
[0.007s][info][gc,init] Pre-touch: Disabled
[0.008s][info][gc,init] Parallel Workers: 4
[0.008s][info][gc,init] Concurrent Workers: 1
[0.008s][info][gc,init] Concurrent Refinement Workers: 4
[0.008s][info][gc,init] Periodic GC: Disabled
[0.013s][info][gc,metaspace] CDS archive(s) mapped at: [0x0000000800000000-0x0000000800bc0000-0x0000000800bc0000), size 12320768, SharedBaseAddress: 0x0000000800000000, ArchiveRelocationMode: 0.
[0.013s][info][gc,metaspace] Compressed class space mapped at: 0x0000000800c00000-0x0000000840c00000, reserved size: 1073741824
[0.013s][info][gc,metaspace] Narrow klass base: 0x0000000800000000, Narrow klass shift: 0, Narrow klass range: 0x100000000
[0.096s][info][gc,start    ] GC(0) Pause Young (Normal) (G1 Evacuation Pause)
[0.097s][info][gc,task     ] GC(0) Using 2 workers of 4 for evacuation
[0.098s][info][gc,phases   ] GC(0)   Pre Evacuate Collection Set: 0.1ms
[0.098s][info][gc,phases   ] GC(0)   Merge Heap Roots: 0.1ms
[0.098s][info][gc,phases   ] GC(0)   Evacuate Collection Set: 1.1ms
[0.098s][info][gc,phases   ] GC(0)   Post Evacuate Collection Set: 0.5ms
[0.098s][info][gc,phases   ] GC(0)   Other: 0.2ms
[0.098s][info][gc,heap     ] GC(0) Eden regions: 1->0(1)
[0.098s][info][gc,heap     ] GC(0) Survivor regions: 0->1(1)
[0.098s][info][gc,heap     ] GC(0) Old regions: 0->0
[0.098s][info][gc,heap     ] GC(0) Archive regions: 0->0
[0.098s][info][gc,heap     ] GC(0) Humongous regions: 0->0
[0.098s][info][gc,metaspace] GC(0) Metaspace: 1597K(1728K)->1597K(1728K) NonClass: 1457K(1536K)->1457K(1536K) Class: 139K(192K)->139K(192K)
[0.099s][info][gc          ] GC(0) Pause Young (Normal) (G1 Evacuation Pause) 2M->0M(4M) 2.049ms
[0.099s][info][gc,cpu      ] GC(0) User=0.00s Sys=0.03s Real=0.00s
[0.104s][info][gc,start    ] GC(1) Pause Young (Normal) (G1 Evacuation Pause)
[0.104s][info][gc,task     ] GC(1) Using 2 workers of 4 for evacuation
[0.106s][info][gc,phases   ] GC(1)   Pre Evacuate Collection Set: 0.1ms
[0.106s][info][gc,phases   ] GC(1)   Merge Heap Roots: 0.1ms
[0.106s][info][gc,phases   ] GC(1)   Evacuate Collection Set: 1.1ms
[0.106s][info][gc,phases   ] GC(1)   Post Evacuate Collection Set: 0.4ms
[0.106s][info][gc,phases   ] GC(1)   Other: 0.1ms
[0.106s][info][gc,heap     ] GC(1) Eden regions: 1->0(1)
[0.106s][info][gc,heap     ] GC(1) Survivor regions: 1->1(1)
[0.106s][info][gc,heap     ] GC(1) Old regions: 0->0
[0.106s][info][gc,heap     ] GC(1) Archive regions: 0->0
[0.106s][info][gc,heap     ] GC(1) Humongous regions: 0->0
[0.106s][info][gc,metaspace] GC(1) Metaspace: 1613K(1792K)->1613K(1792K) NonClass: 1473K(1600K)->1473K(1600K) Class: 139K(192K)->139K(192K)
[0.106s][info][gc          ] GC(1) Pause Young (Normal) (G1 Evacuation Pause) 2M->0M(6M) 1.915ms
[0.106s][info][gc,cpu      ] GC(1) User=0.00s Sys=0.00s Real=0.00s
[2.477s][info][gc,heap,exit] Heap
[2.477s][info][gc,heap,exit]  garbage-first heap   total 6144K, used 2892K [0x0000000701400000, 0x0000000800000000)
[2.477s][info][gc,heap,exit]   region size 2048K, 2 young (4096K), 1 survivors (2048K)
[2.477s][info][gc,heap,exit]  Metaspace       used 1672K, committed 1792K, reserved 1056768K
[2.477s][info][gc,heap,exit]   class space    used 143K, committed 192K, reserved 1048576K
