[0.007s][info][gc] Using G1
[0.008s][info][gc,init] Version: 17.0.1+12-LTS (release)
[0.008s][info][gc,init] CPUs: 4 total, 4 available
[0.008s][info][gc,init] Memory: 16297M
[0.008s][info][gc,init] Large Page Support: Disabled
[0.008s][info][gc,init] NUMA Support: Disabled
[0.008s][info][gc,init] Compressed Oops: Enabled (Zero based)
[0.008s][info][gc,init] Heap Region Size: 2M
[0.008s][info][gc,init] Heap Min Capacity: 2M
[0.008s][info][gc,init] Heap Initial Capacity: 2M
[0.008s][info][gc,init] Heap Max Capacity: 4076M
[0.008s][info][gc,init] Pre-touch: Disabled
[0.008s][info][gc,init] Parallel Workers: 4
[0.008s][info][gc,init] Concurrent Workers: 1
[0.008s][info][gc,init] Concurrent Refinement Workers: 4
[0.008s][info][gc,init] Periodic GC: Disabled
[0.009s][info][gc,metaspace] CDS archive(s) mapped at: [0x0000000800000000-0x0000000800bc0000-0x0000000800bc0000), size 12320768, SharedBaseAddress: 0x0000000800000000, ArchiveRelocationMode: 0.
[0.009s][info][gc,metaspace] Compressed class space mapped at: 0x0000000800c00000-0x0000000840c00000, reserved size: 1073741824
[0.009s][info][gc,metaspace] Narrow klass base: 0x0000000800000000, Narrow klass shift: 0, Narrow klass range: 0x100000000
[0.091s][info][gc,start    ] GC(0) Pause Young (Normal) (G1 Evacuation Pause)
[0.091s][info][gc,task     ] GC(0) Using 2 workers of 4 for evacuation
[0.092s][info][gc,phases   ] GC(0)   Pre Evacuate Collection Set: 0.1ms
[0.092s][info][gc,phases   ] GC(0)   Merge Heap Roots: 0.1ms
[0.092s][info][gc,phases   ] GC(0)   Evacuate Collection Set: 1.1ms
[0.092s][info][gc,phases   ] GC(0)   Post Evacuate Collection Set: 0.4ms
[0.092s][info][gc,phases   ] GC(0)   Other: 0.2ms
[0.092s][info][gc,heap     ] GC(0) Eden regions: 1->0(1)
[0.092s][info][gc,heap     ] GC(0) Survivor regions: 0->1(1)
[0.092s][info][gc,heap     ] GC(0) Old regions: 0->0
[0.092s][info][gc,heap     ] GC(0) Archive regions: 0->0
[0.092s][info][gc,heap     ] GC(0) Humongous regions: 0->0
[0.092s][info][gc,metaspace] GC(0) Metaspace: 1594K(1728K)->1594K(1728K) NonClass: 1455K(1536K)->1455K(1536K) Class: 139K(192K)->139K(192K)
[0.092s][info][gc          ] GC(0) Pause Young (Normal) (G1 Evacuation Pause) 2M->0M(4M) 1.905ms
[0.093s][info][gc,cpu      ] GC(0) User=0.00s Sys=0.00s Real=0.00s
[0.098s][info][gc,start    ] GC(1) Pause Young (Normal) (G1 Evacuation Pause)
[0.098s][info][gc,task     ] GC(1) Using 2 workers of 4 for evacuation
[0.100s][info][gc,phases   ] GC(1)   Pre Evacuate Collection Set: 0.1ms
[0.100s][info][gc,phases   ] GC(1)   Merge Heap Roots: 0.1ms
[0.100s][info][gc,phases   ] GC(1)   Evacuate Collection Set: 1.2ms
[0.100s][info][gc,phases   ] GC(1)   Post Evacuate Collection Set: 0.4ms
[0.100s][info][gc,phases   ] GC(1)   Other: 0.1ms
[0.100s][info][gc,heap     ] GC(1) Eden regions: 1->0(1)
[0.100s][info][gc,heap     ] GC(1) Survivor regions: 1->1(1)
[0.100s][info][gc,heap     ] GC(1) Old regions: 0->0
[0.100s][info][gc,heap     ] GC(1) Archive regions: 0->0
[0.100s][info][gc,heap     ] GC(1) Humongous regions: 0->0
[0.100s][info][gc,metaspace] GC(1) Metaspace: 1610K(1792K)->1610K(1792K) NonClass: 1470K(1600K)->1470K(1600K) Class: 139K(192K)->139K(192K)
[0.100s][info][gc          ] GC(1) Pause Young (Normal) (G1 Evacuation Pause) 2M->0M(6M) 1.900ms
[0.100s][info][gc,cpu      ] GC(1) User=0.00s Sys=0.00s Real=0.00s
[0.114s][info][gc,start    ] GC(2) Pause Young (Normal) (G1 Preventive Collection)
[0.114s][info][gc,task     ] GC(2) Using 2 workers of 4 for evacuation
[0.115s][info][gc,phases   ] GC(2)   Pre Evacuate Collection Set: 0.1ms
[0.115s][info][gc,phases   ] GC(2)   Merge Heap Roots: 0.1ms
[0.115s][info][gc,phases   ] GC(2)   Evacuate Collection Set: 0.9ms
[0.115s][info][gc,phases   ] GC(2)   Post Evacuate Collection Set: 0.4ms
[0.115s][info][gc,phases   ] GC(2)   Other: 0.1ms
[0.115s][info][gc,heap     ] GC(2) Eden regions: 1->0(1)
[0.115s][info][gc,heap     ] GC(2) Survivor regions: 1->1(1)
[0.115s][info][gc,heap     ] GC(2) Old regions: 0->0
[0.115s][info][gc,heap     ] GC(2) Archive regions: 0->0
[0.115s][info][gc,heap     ] GC(2) Humongous regions: 0->0
[0.115s][info][gc,metaspace] GC(2) Metaspace: 1639K(1792K)->1639K(1792K) NonClass: 1498K(1600K)->1498K(1600K) Class: 141K(192K)->141K(192K)
[0.115s][info][gc          ] GC(2) Pause Young (Normal) (G1 Preventive Collection) 2M->1M(6M) 1.693ms
[0.116s][info][gc,cpu      ] GC(2) User=0.00s Sys=0.00s Real=0.00s
[0.119s][info][gc,start    ] GC(3) Pause Young (Normal) (G1 Preventive Collection)
[0.119s][info][gc,task     ] GC(3) Using 2 workers of 4 for evacuation
[0.121s][info][gc,phases   ] GC(3)   Pre Evacuate Collection Set: 0.1ms
[0.121s][info][gc,phases   ] GC(3)   Merge Heap Roots: 0.1ms
[0.121s][info][gc,phases   ] GC(3)   Evacuate Collection Set: 0.9ms
[0.121s][info][gc,phases   ] GC(3)   Post Evacuate Collection Set: 0.4ms
[0.121s][info][gc,phases   ] GC(3)   Other: 0.1ms
[0.121s][info][gc,heap     ] GC(3) Eden regions: 1->0(1)
[0.121s][info][gc,heap     ] GC(3) Survivor regions: 1->1(1)
[0.121s][info][gc,heap     ] GC(3) Old regions: 0->0
[0.121s][info][gc,heap     ] GC(3) Archive regions: 0->0
[0.121s][info][gc,heap     ] GC(3) Humongous regions: 0->0
[0.121s][info][gc,metaspace] GC(3) Metaspace: 1640K(1792K)->1640K(1792K) NonClass: 1499K(1600K)->1499K(1600K) Class: 141K(192K)->141K(192K)
[0.121s][info][gc          ] GC(3) Pause Young (Normal) (G1 Preventive Collection) 3M->1M(6M) 1.651ms
[0.121s][info][gc,cpu      ] GC(3) User=0.00s Sys=0.00s Real=0.00s
[0.124s][info][gc,start    ] GC(4) Pause Young (Normal) (G1 Preventive Collection)
[0.124s][info][gc,task     ] GC(4) Using 2 workers of 4 for evacuation
[0.126s][info][gc,phases   ] GC(4)   Pre Evacuate Collection Set: 0.1ms
[0.126s][info][gc,phases   ] GC(4)   Merge Heap Roots: 0.1ms
[0.126s][info][gc,phases   ] GC(4)   Evacuate Collection Set: 0.9ms
[0.126s][info][gc,phases   ] GC(4)   Post Evacuate Collection Set: 0.4ms
[0.126s][info][gc,phases   ] GC(4)   Other: 0.1ms
[0.126s][info][gc,heap     ] GC(4) Eden regions: 1->0(3)
[0.126s][info][gc,heap     ] GC(4) Survivor regions: 1->1(1)
[0.126s][info][gc,heap     ] GC(4) Old regions: 0->0
[0.126s][info][gc,heap     ] GC(4) Archive regions: 0->0
[0.126s][info][gc,heap     ] GC(4) Humongous regions: 0->0
[0.126s][info][gc,metaspace] GC(4) Metaspace: 1640K(1792K)->1640K(1792K) NonClass: 1499K(1600K)->1499K(1600K) Class: 141K(192K)->141K(192K)
[0.126s][info][gc          ] GC(4) Pause Young (Normal) (G1 Preventive Collection) 3M->1M(14M) 1.699ms
[0.126s][info][gc,cpu      ] GC(4) User=0.00s Sys=0.00s Real=0.00s
[0.137s][info][gc,start    ] GC(5) Pause Young (Normal) (G1 Evacuation Pause)
[0.137s][info][gc,task     ] GC(5) Using 2 workers of 4 for evacuation
[0.139s][info][gc,phases   ] GC(5)   Pre Evacuate Collection Set: 0.1ms
[0.139s][info][gc,phases   ] GC(5)   Merge Heap Roots: 0.1ms
[0.139s][info][gc,phases   ] GC(5)   Evacuate Collection Set: 1.0ms
[0.139s][info][gc,phases   ] GC(5)   Post Evacuate Collection Set: 0.4ms
[0.139s][info][gc,phases   ] GC(5)   Other: 0.1ms
[0.139s][info][gc,heap     ] GC(5) Eden regions: 3->0(3)
[0.139s][info][gc,heap     ] GC(5) Survivor regions: 1->1(1)
[0.139s][info][gc,heap     ] GC(5) Old regions: 0->1
[0.139s][info][gc,heap     ] GC(5) Archive regions: 0->0
[0.139s][info][gc,heap     ] GC(5) Humongous regions: 0->0
[0.139s][info][gc,metaspace] GC(5) Metaspace: 1640K(1792K)->1640K(1792K) NonClass: 1499K(1600K)->1499K(1600K) Class: 141K(192K)->141K(192K)
[0.139s][info][gc          ] GC(5) Pause Young (Normal) (G1 Evacuation Pause) 7M->1M(14M) 1.719ms
[0.139s][info][gc,cpu      ] GC(5) User=0.00s Sys=0.00s Real=0.00s
[0.149s][info][gc,start    ] GC(6) Pause Young (Normal) (G1 Evacuation Pause)
[0.149s][info][gc,task     ] GC(6) Using 2 workers of 4 for evacuation
[0.150s][info][gc,phases   ] GC(6)   Pre Evacuate Collection Set: 0.1ms
[0.150s][info][gc,phases   ] GC(6)   Merge Heap Roots: 0.1ms
[0.150s][info][gc,phases   ] GC(6)   Evacuate Collection Set: 0.4ms
[0.150s][info][gc,phases   ] GC(6)   Post Evacuate Collection Set: 0.3ms
[0.150s][info][gc,phases   ] GC(6)   Other: 0.1ms
[0.150s][info][gc,heap     ] GC(6) Eden regions: 3->0(3)
[0.150s][info][gc,heap     ] GC(6) Survivor regions: 1->1(1)
[0.150s][info][gc,heap     ] GC(6) Old regions: 1->1
[0.150s][info][gc,heap     ] GC(6) Archive regions: 0->0
[0.150s][info][gc,heap     ] GC(6) Humongous regions: 0->0
[0.150s][info][gc,metaspace] GC(6) Metaspace: 1640K(1792K)->1640K(1792K) NonClass: 1499K(1600K)->1499K(1600K) Class: 141K(192K)->141K(192K)
[0.150s][info][gc          ] GC(6) Pause Young (Normal) (G1 Evacuation Pause) 7M->1M(14M) 1.059ms
[0.150s][info][gc,cpu      ] GC(6) User=0.00s Sys=0.00s Real=0.00s
[0.163s][info][gc,start    ] GC(7) Pause Young (Normal) (G1 Evacuation Pause)
[0.163s][info][gc,task     ] GC(7) Using 2 workers of 4 for evacuation
[0.164s][info][gc,phases   ] GC(7)   Pre Evacuate Collection Set: 0.1ms
[0.164s][info][gc,phases   ] GC(7)   Merge Heap Roots: 0.0ms
[0.164s][info][gc,phases   ] GC(7)   Evacuate Collection Set: 0.4ms
[0.164s][info][gc,phases   ] GC(7)   Post Evacuate Collection Set: 0.3ms
[0.164s][info][gc,phases   ] GC(7)   Other: 0.1ms
[0.164s][info][gc,heap     ] GC(7) Eden regions: 3->0(3)
[0.164s][info][gc,heap     ] GC(7) Survivor regions: 1->1(1)
[0.164s][info][gc,heap     ] GC(7) Old regions: 1->1
[0.164s][info][gc,heap     ] GC(7) Archive regions: 0->0
[0.164s][info][gc,heap     ] GC(7) Humongous regions: 0->0
[0.164s][info][gc,metaspace] GC(7) Metaspace: 1640K(1792K)->1640K(1792K) NonClass: 1499K(1600K)->1499K(1600K) Class: 141K(192K)->141K(192K)
[0.164s][info][gc          ] GC(7) Pause Young (Normal) (G1 Evacuation Pause) 7M->1M(14M) 1.063ms
[0.164s][info][gc,cpu      ] GC(7) User=0.00s Sys=0.00s Real=0.00s
[0.176s][info][gc,start    ] GC(8) Pause Young (Normal) (G1 Evacuation Pause)
[0.176s][info][gc,task     ] GC(8) Using 2 workers of 4 for evacuation
[0.177s][info][gc,phases   ] GC(8)   Pre Evacuate Collection Set: 0.1ms
[0.177s][info][gc,phases   ] GC(8)   Merge Heap Roots: 0.1ms
[0.177s][info][gc,phases   ] GC(8)   Evacuate Collection Set: 0.3ms
[0.177s][info][gc,phases   ] GC(8)   Post Evacuate Collection Set: 0.4ms
[0.177s][info][gc,phases   ] GC(8)   Other: 0.1ms
[0.177s][info][gc,heap     ] GC(8) Eden regions: 3->0(8)
[0.177s][info][gc,heap     ] GC(8) Survivor regions: 1->1(1)
[0.177s][info][gc,heap     ] GC(8) Old regions: 1->1
[0.177s][info][gc,heap     ] GC(8) Archive regions: 0->0
[0.177s][info][gc,heap     ] GC(8) Humongous regions: 0->0
[0.177s][info][gc,metaspace] GC(8) Metaspace: 1640K(1792K)->1640K(1792K) NonClass: 1499K(1600K)->1499K(1600K) Class: 141K(192K)->141K(192K)
[0.177s][info][gc          ] GC(8) Pause Young (Normal) (G1 Evacuation Pause) 7M->1M(30M) 1.031ms
[0.177s][info][gc,cpu      ] GC(8) User=0.00s Sys=0.00s Real=0.00s
[0.229s][info][gc,start    ] GC(9) Pause Young (Normal) (G1 Evacuation Pause)
[0.229s][info][gc,task     ] GC(9) Using 2 workers of 4 for evacuation
[0.230s][info][gc,phases   ] GC(9)   Pre Evacuate Collection Set: 0.1ms
[0.230s][info][gc,phases   ] GC(9)   Merge Heap Roots: 0.1ms
[0.230s][info][gc,phases   ] GC(9)   Evacuate Collection Set: 0.7ms
[0.230s][info][gc,phases   ] GC(9)   Post Evacuate Collection Set: 0.3ms
[0.230s][info][gc,phases   ] GC(9)   Other: 0.1ms
[0.230s][info][gc,heap     ] GC(9) Eden regions: 8->0(8)
[0.230s][info][gc,heap     ] GC(9) Survivor regions: 1->1(2)
[0.230s][info][gc,heap     ] GC(9) Old regions: 1->1
[0.230s][info][gc,heap     ] GC(9) Archive regions: 0->0
[0.231s][info][gc,heap     ] GC(9) Humongous regions: 0->0
[0.231s][info][gc,metaspace] GC(9) Metaspace: 1640K(1792K)->1640K(1792K) NonClass: 1499K(1600K)->1499K(1600K) Class: 141K(192K)->141K(192K)
[0.231s][info][gc          ] GC(9) Pause Young (Normal) (G1 Evacuation Pause) 17M->1M(30M) 1.379ms
[0.231s][info][gc,cpu      ] GC(9) User=0.00s Sys=0.00s Real=0.00s
[0.263s][info][gc,start    ] GC(10) Pause Young (Normal) (G1 Evacuation Pause)
[0.263s][info][gc,task     ] GC(10) Using 2 workers of 4 for evacuation
[0.264s][info][gc,phases   ] GC(10)   Pre Evacuate Collection Set: 0.1ms
[0.264s][info][gc,phases   ] GC(10)   Merge Heap Roots: 0.1ms
[0.264s][info][gc,phases   ] GC(10)   Evacuate Collection Set: 0.7ms
[0.264s][info][gc,phases   ] GC(10)   Post Evacuate Collection Set: 0.3ms
[0.264s][info][gc,phases   ] GC(10)   Other: 0.1ms
[0.265s][info][gc,heap     ] GC(10) Eden regions: 8->0(8)
[0.265s][info][gc,heap     ] GC(10) Survivor regions: 1->1(2)
[0.265s][info][gc,heap     ] GC(10) Old regions: 1->1
[0.265s][info][gc,heap     ] GC(10) Archive regions: 0->0
[0.265s][info][gc,heap     ] GC(10) Humongous regions: 0->0
[0.265s][info][gc,metaspace] GC(10) Metaspace: 1640K(1792K)->1640K(1792K) NonClass: 1499K(1600K)->1499K(1600K) Class: 141K(192K)->141K(192K)
[0.265s][info][gc          ] GC(10) Pause Young (Normal) (G1 Evacuation Pause) 17M->1M(30M) 1.364ms
[0.265s][info][gc,cpu      ] GC(10) User=0.00s Sys=0.00s Real=0.00s
[0.297s][info][gc,start    ] GC(11) Pause Young (Normal) (G1 Evacuation Pause)
[0.297s][info][gc,task     ] GC(11) Using 2 workers of 4 for evacuation
[0.298s][info][gc,phases   ] GC(11)   Pre Evacuate Collection Set: 0.1ms
[0.298s][info][gc,phases   ] GC(11)   Merge Heap Roots: 0.1ms
[0.298s][info][gc,phases   ] GC(11)   Evacuate Collection Set: 0.7ms
[0.298s][info][gc,phases   ] GC(11)   Post Evacuate Collection Set: 0.3ms
[0.298s][info][gc,phases   ] GC(11)   Other: 0.1ms
[0.298s][info][gc,heap     ] GC(11) Eden regions: 8->0(8)
[0.298s][info][gc,heap     ] GC(11) Survivor regions: 1->1(2)
[0.298s][info][gc,heap     ] GC(11) Old regions: 1->1
[0.298s][info][gc,heap     ] GC(11) Archive regions: 0->0
[0.298s][info][gc,heap     ] GC(11) Humongous regions: 0->0
[0.298s][info][gc,metaspace] GC(11) Metaspace: 1640K(1792K)->1640K(1792K) NonClass: 1499K(1600K)->1499K(1600K) Class: 141K(192K)->141K(192K)
[0.298s][info][gc          ] GC(11) Pause Young (Normal) (G1 Evacuation Pause) 17M->1M(30M) 1.435ms
[0.298s][info][gc,cpu      ] GC(11) User=0.00s Sys=0.00s Real=0.00s
[0.337s][info][gc,start    ] GC(12) Pause Young (Normal) (G1 Evacuation Pause)
[0.337s][info][gc,task     ] GC(12) Using 2 workers of 4 for evacuation
[0.339s][info][gc,phases   ] GC(12)   Pre Evacuate Collection Set: 0.1ms
[0.339s][info][gc,phases   ] GC(12)   Merge Heap Roots: 0.1ms
[0.339s][info][gc,phases   ] GC(12)   Evacuate Collection Set: 0.8ms
[0.339s][info][gc,phases   ] GC(12)   Post Evacuate Collection Set: 0.4ms
[0.339s][info][gc,phases   ] GC(12)   Other: 0.1ms
[0.339s][info][gc,heap     ] GC(12) Eden regions: 8->0(11)
[0.339s][info][gc,heap     ] GC(12) Survivor regions: 1->1(2)
[0.339s][info][gc,heap     ] GC(12) Old regions: 1->1
[0.339s][info][gc,heap     ] GC(12) Archive regions: 0->0
[0.339s][info][gc,heap     ] GC(12) Humongous regions: 0->0
[0.339s][info][gc,metaspace] GC(12) Metaspace: 1640K(1792K)->1640K(1792K) NonClass: 1499K(1600K)->1499K(1600K) Class: 141K(192K)->141K(192K)
[0.339s][info][gc          ] GC(12) Pause Young (Normal) (G1 Evacuation Pause) 17M->1M(42M) 1.665ms
[0.339s][info][gc,cpu      ] GC(12) User=0.00s Sys=0.02s Real=0.00s
[0.401s][info][gc,start    ] GC(13) Pause Young (Normal) (G1 Evacuation Pause)
[0.401s][info][gc,task     ] GC(13) Using 2 workers of 4 for evacuation
[0.402s][info][gc,phases   ] GC(13)   Pre Evacuate Collection Set: 0.1ms
[0.402s][info][gc,phases   ] GC(13)   Merge Heap Roots: 0.1ms
[0.402s][info][gc,phases   ] GC(13)   Evacuate Collection Set: 0.9ms
[0.402s][info][gc,phases   ] GC(13)   Post Evacuate Collection Set: 0.3ms
[0.402s][info][gc,phases   ] GC(13)   Other: 0.1ms
[0.402s][info][gc,heap     ] GC(13) Eden regions: 11->0(11)
[0.402s][info][gc,heap     ] GC(13) Survivor regions: 1->1(2)
[0.402s][info][gc,heap     ] GC(13) Old regions: 1->1
[0.402s][info][gc,heap     ] GC(13) Archive regions: 0->0
[0.402s][info][gc,heap     ] GC(13) Humongous regions: 0->0
[0.402s][info][gc,metaspace] GC(13) Metaspace: 1640K(1792K)->1640K(1792K) NonClass: 1499K(1600K)->1499K(1600K) Class: 141K(192K)->141K(192K)
[0.402s][info][gc          ] GC(13) Pause Young (Normal) (G1 Evacuation Pause) 23M->1M(42M) 1.633ms
[0.403s][info][gc,cpu      ] GC(13) User=0.03s Sys=0.00s Real=0.00s
[0.449s][info][gc,start    ] GC(14) Pause Young (Normal) (G1 Evacuation Pause)
[0.449s][info][gc,task     ] GC(14) Using 2 workers of 4 for evacuation
[0.451s][info][gc,phases   ] GC(14)   Pre Evacuate Collection Set: 0.1ms
[0.451s][info][gc,phases   ] GC(14)   Merge Heap Roots: 0.1ms
[0.451s][info][gc,phases   ] GC(14)   Evacuate Collection Set: 0.9ms
[0.451s][info][gc,phases   ] GC(14)   Post Evacuate Collection Set: 0.3ms
[0.451s][info][gc,phases   ] GC(14)   Other: 0.1ms
[0.451s][info][gc,heap     ] GC(14) Eden regions: 11->0(11)
[0.451s][info][gc,heap     ] GC(14) Survivor regions: 1->1(2)
[0.451s][info][gc,heap     ] GC(14) Old regions: 1->1
[0.451s][info][gc,heap     ] GC(14) Archive regions: 0->0
[0.451s][info][gc,heap     ] GC(14) Humongous regions: 0->0
[0.451s][info][gc,metaspace] GC(14) Metaspace: 1640K(1792K)->1640K(1792K) NonClass: 1499K(1600K)->1499K(1600K) Class: 141K(192K)->141K(192K)
[0.451s][info][gc          ] GC(14) Pause Young (Normal) (G1 Evacuation Pause) 23M->1M(42M) 1.653ms
[0.451s][info][gc,cpu      ] GC(14) User=0.00s Sys=0.00s Real=0.00s
[0.496s][info][gc,start    ] GC(15) Pause Young (Normal) (G1 Evacuation Pause)
[0.496s][info][gc,task     ] GC(15) Using 2 workers of 4 for evacuation
[0.498s][info][gc,phases   ] GC(15)   Pre Evacuate Collection Set: 0.1ms
[0.498s][info][gc,phases   ] GC(15)   Merge Heap Roots: 0.1ms
[0.498s][info][gc,phases   ] GC(15)   Evacuate Collection Set: 1.1ms
[0.498s][info][gc,phases   ] GC(15)   Post Evacuate Collection Set: 0.2ms
[0.498s][info][gc,phases   ] GC(15)   Other: 0.1ms
[0.498s][info][gc,heap     ] GC(15) Eden regions: 11->0(11)
[0.498s][info][gc,heap     ] GC(15) Survivor regions: 1->1(2)
[0.498s][info][gc,heap     ] GC(15) Old regions: 1->1
[0.498s][info][gc,heap     ] GC(15) Archive regions: 0->0
[0.498s][info][gc,heap     ] GC(15) Humongous regions: 0->0
[0.498s][info][gc,metaspace] GC(15) Metaspace: 1640K(1792K)->1640K(1792K) NonClass: 1499K(1600K)->1499K(1600K) Class: 141K(192K)->141K(192K)
[0.498s][info][gc          ] GC(15) Pause Young (Normal) (G1 Evacuation Pause) 23M->1M(42M) 1.729ms
[0.498s][info][gc,cpu      ] GC(15) User=0.00s Sys=0.00s Real=0.00s
[0.555s][info][gc,start    ] GC(16) Pause Young (Normal) (G1 Evacuation Pause)
[0.555s][info][gc,task     ] GC(16) Using 2 workers of 4 for evacuation
[0.557s][info][gc,phases   ] GC(16)   Pre Evacuate Collection Set: 0.1ms
[0.557s][info][gc,phases   ] GC(16)   Merge Heap Roots: 0.2ms
[0.557s][info][gc,phases   ] GC(16)   Evacuate Collection Set: 1.1ms
[0.557s][info][gc,phases   ] GC(16)   Post Evacuate Collection Set: 0.4ms
[0.557s][info][gc,phases   ] GC(16)   Other: 0.1ms
[0.557s][info][gc,heap     ] GC(16) Eden regions: 11->0(15)
[0.557s][info][gc,heap     ] GC(16) Survivor regions: 1->1(2)
[0.557s][info][gc,heap     ] GC(16) Old regions: 1->1
[0.557s][info][gc,heap     ] GC(16) Archive regions: 0->0
[0.557s][info][gc,heap     ] GC(16) Humongous regions: 0->0
[0.557s][info][gc,metaspace] GC(16) Metaspace: 1640K(1792K)->1640K(1792K) NonClass: 1499K(1600K)->1499K(1600K) Class: 141K(192K)->141K(192K)
[0.557s][info][gc          ] GC(16) Pause Young (Normal) (G1 Evacuation Pause) 23M->1M(54M) 1.977ms
[0.557s][info][gc,cpu      ] GC(16) User=0.00s Sys=0.00s Real=0.00s
[0.635s][info][gc,start    ] GC(17) Pause Young (Normal) (G1 Evacuation Pause)
[0.635s][info][gc,task     ] GC(17) Using 2 workers of 4 for evacuation
[0.636s][info][gc,phases   ] GC(17)   Pre Evacuate Collection Set: 0.1ms
[0.637s][info][gc,phases   ] GC(17)   Merge Heap Roots: 0.1ms
[0.637s][info][gc,phases   ] GC(17)   Evacuate Collection Set: 1.4ms
[0.637s][info][gc,phases   ] GC(17)   Post Evacuate Collection Set: 0.3ms
[0.637s][info][gc,phases   ] GC(17)   Other: 0.1ms
[0.637s][info][gc,heap     ] GC(17) Eden regions: 15->0(15)
[0.637s][info][gc,heap     ] GC(17) Survivor regions: 1->1(2)
[0.637s][info][gc,heap     ] GC(17) Old regions: 1->1
[0.637s][info][gc,heap     ] GC(17) Archive regions: 0->0
[0.637s][info][gc,heap     ] GC(17) Humongous regions: 0->0
[0.637s][info][gc,metaspace] GC(17) Metaspace: 1640K(1792K)->1640K(1792K) NonClass: 1499K(1600K)->1499K(1600K) Class: 141K(192K)->141K(192K)
[0.637s][info][gc          ] GC(17) Pause Young (Normal) (G1 Evacuation Pause) 31M->2M(54M) 2.107ms
[0.637s][info][gc,cpu      ] GC(17) User=0.03s Sys=0.00s Real=0.00s
[0.698s][info][gc,start    ] GC(18) Pause Young (Normal) (G1 Evacuation Pause)
[0.698s][info][gc,task     ] GC(18) Using 2 workers of 4 for evacuation
[0.700s][info][gc,phases   ] GC(18)   Pre Evacuate Collection Set: 0.1ms
[0.700s][info][gc,phases   ] GC(18)   Merge Heap Roots: 0.0ms
[0.700s][info][gc,phases   ] GC(18)   Evacuate Collection Set: 1.5ms
[0.700s][info][gc,phases   ] GC(18)   Post Evacuate Collection Set: 0.3ms
[0.700s][info][gc,phases   ] GC(18)   Other: 0.1ms
[0.700s][info][gc,heap     ] GC(18) Eden regions: 15->0(15)
[0.700s][info][gc,heap     ] GC(18) Survivor regions: 1->1(2)
[0.700s][info][gc,heap     ] GC(18) Old regions: 1->1
[0.700s][info][gc,heap     ] GC(18) Archive regions: 0->0
[0.700s][info][gc,heap     ] GC(18) Humongous regions: 0->0
[0.700s][info][gc,metaspace] GC(18) Metaspace: 1640K(1792K)->1640K(1792K) NonClass: 1499K(1600K)->1499K(1600K) Class: 141K(192K)->141K(192K)
[0.701s][info][gc          ] GC(18) Pause Young (Normal) (G1 Evacuation Pause) 32M->2M(54M) 2.224ms
[0.701s][info][gc,cpu      ] GC(18) User=0.00s Sys=0.00s Real=0.00s
[0.779s][info][gc,start    ] GC(19) Pause Young (Normal) (G1 Evacuation Pause)
[0.779s][info][gc,task     ] GC(19) Using 2 workers of 4 for evacuation
[0.781s][info][gc,phases   ] GC(19)   Pre Evacuate Collection Set: 0.1ms
[0.781s][info][gc,phases   ] GC(19)   Merge Heap Roots: 0.0ms
[0.781s][info][gc,phases   ] GC(19)   Evacuate Collection Set: 1.2ms
[0.781s][info][gc,phases   ] GC(19)   Post Evacuate Collection Set: 0.3ms
[0.781s][info][gc,phases   ] GC(19)   Other: 0.1ms
[0.781s][info][gc,heap     ] GC(19) Eden regions: 15->0(15)
[0.781s][info][gc,heap     ] GC(19) Survivor regions: 1->1(2)
[0.781s][info][gc,heap     ] GC(19) Old regions: 1->1
[0.781s][info][gc,heap     ] GC(19) Archive regions: 0->0
[0.781s][info][gc,heap     ] GC(19) Humongous regions: 0->0
[0.781s][info][gc,metaspace] GC(19) Metaspace: 1640K(1792K)->1640K(1792K) NonClass: 1499K(1600K)->1499K(1600K) Class: 141K(192K)->141K(192K)
[0.781s][info][gc          ] GC(19) Pause Young (Normal) (G1 Evacuation Pause) 32M->2M(54M) 1.914ms
[0.781s][info][gc,cpu      ] GC(19) User=0.00s Sys=0.00s Real=0.00s
[0.852s][info][gc,start    ] GC(20) Pause Young (Normal) (G1 Evacuation Pause)
[0.852s][info][gc,task     ] GC(20) Using 2 workers of 4 for evacuation
[0.854s][info][gc,phases   ] GC(20)   Pre Evacuate Collection Set: 0.1ms
[0.854s][info][gc,phases   ] GC(20)   Merge Heap Roots: 0.1ms
[0.854s][info][gc,phases   ] GC(20)   Evacuate Collection Set: 1.3ms
[0.854s][info][gc,phases   ] GC(20)   Post Evacuate Collection Set: 0.4ms
[0.854s][info][gc,phases   ] GC(20)   Other: 0.1ms
[0.854s][info][gc,heap     ] GC(20) Eden regions: 15->0(18)
[0.854s][info][gc,heap     ] GC(20) Survivor regions: 1->1(2)
[0.854s][info][gc,heap     ] GC(20) Old regions: 1->1
[0.854s][info][gc,heap     ] GC(20) Archive regions: 0->0
[0.854s][info][gc,heap     ] GC(20) Humongous regions: 0->0
[0.854s][info][gc,metaspace] GC(20) Metaspace: 1640K(1792K)->1640K(1792K) NonClass: 1499K(1600K)->1499K(1600K) Class: 141K(192K)->141K(192K)
[0.854s][info][gc          ] GC(20) Pause Young (Normal) (G1 Evacuation Pause) 32M->2M(66M) 2.195ms
[0.854s][info][gc,cpu      ] GC(20) User=0.00s Sys=0.00s Real=0.00s
[0.919s][info][gc,heap,exit] Heap
[0.919s][info][gc,heap,exit]  garbage-first heap   total 67584K, used 24561K [0x0000000701400000, 0x0000000800000000)
[0.919s][info][gc,heap,exit]   region size 2048K, 12 young (24576K), 1 survivors (2048K)
[0.919s][info][gc,heap,exit]  Metaspace       used 1676K, committed 1792K, reserved 1056768K
[0.919s][info][gc,heap,exit]   class space    used 143K, committed 192K, reserved 1048576K
