[0.007s][info][gc] Using G1
[0.008s][info][gc,init] Version: 17.0.1+12-LTS (release)
[0.008s][info][gc,init] CPUs: 4 total, 4 available
[0.008s][info][gc,init] Memory: 16297M
[0.008s][info][gc,init] Large Page Support: Disabled
[0.008s][info][gc,init] NUMA Support: Disabled
[0.008s][info][gc,init] Compressed Oops: Enabled (Zero based)
[0.008s][info][gc,init] Heap Region Size: 2M
[0.008s][info][gc,init] Heap Min Capacity: 2M
[0.008s][info][gc,init] Heap Initial Capacity: 2M
[0.008s][info][gc,init] Heap Max Capacity: 4076M
[0.008s][info][gc,init] Pre-touch: Disabled
[0.008s][info][gc,init] Parallel Workers: 4
[0.008s][info][gc,init] Concurrent Workers: 1
[0.008s][info][gc,init] Concurrent Refinement Workers: 4
[0.008s][info][gc,init] Periodic GC: Disabled
[0.009s][info][gc,metaspace] CDS archive(s) mapped at: [0x0000000800000000-0x0000000800bc0000-0x0000000800bc0000), size 12320768, SharedBaseAddress: 0x0000000800000000, ArchiveRelocationMode: 0.
[0.009s][info][gc,metaspace] Compressed class space mapped at: 0x0000000800c00000-0x0000000840c00000, reserved size: 1073741824
[0.009s][info][gc,metaspace] Narrow klass base: 0x0000000800000000, Narrow klass shift: 0, Narrow klass range: 0x100000000
[0.093s][info][gc,start    ] GC(0) Pause Young (Normal) (G1 Evacuation Pause)
[0.093s][info][gc,task     ] GC(0) Using 2 workers of 4 for evacuation
[0.095s][info][gc,phases   ] GC(0)   Pre Evacuate Collection Set: 0.1ms
[0.095s][info][gc,phases   ] GC(0)   Merge Heap Roots: 0.1ms
[0.095s][info][gc,phases   ] GC(0)   Evacuate Collection Set: 1.1ms
[0.095s][info][gc,phases   ] GC(0)   Post Evacuate Collection Set: 0.4ms
[0.095s][info][gc,phases   ] GC(0)   Other: 0.2ms
[0.095s][info][gc,heap     ] GC(0) Eden regions: 1->0(1)
[0.095s][info][gc,heap     ] GC(0) Survivor regions: 0->1(1)
[0.095s][info][gc,heap     ] GC(0) Old regions: 0->0
[0.095s][info][gc,heap     ] GC(0) Archive regions: 0->0
[0.095s][info][gc,heap     ] GC(0) Humongous regions: 0->0
[0.095s][info][gc,metaspace] GC(0) Metaspace: 1595K(1728K)->1595K(1728K) NonClass: 1455K(1536K)->1455K(1536K) Class: 139K(192K)->139K(192K)
[0.095s][info][gc          ] GC(0) Pause Young (Normal) (G1 Evacuation Pause) 2M->0M(4M) 1.983ms
[0.095s][info][gc,cpu      ] GC(0) User=0.00s Sys=0.00s Real=0.00s
[0.100s][info][gc,start    ] GC(1) Pause Young (Normal) (G1 Evacuation Pause)
[0.100s][info][gc,task     ] GC(1) Using 2 workers of 4 for evacuation
[0.102s][info][gc,phases   ] GC(1)   Pre Evacuate Collection Set: 0.3ms
[0.102s][info][gc,phases   ] GC(1)   Merge Heap Roots: 0.1ms
[0.102s][info][gc,phases   ] GC(1)   Evacuate Collection Set: 1.2ms
[0.102s][info][gc,phases   ] GC(1)   Post Evacuate Collection Set: 0.4ms
[0.102s][info][gc,phases   ] GC(1)   Other: 0.1ms
[0.102s][info][gc,heap     ] GC(1) Eden regions: 1->0(1)
[0.102s][info][gc,heap     ] GC(1) Survivor regions: 1->1(1)
[0.102s][info][gc,heap     ] GC(1) Old regions: 0->0
[0.102s][info][gc,heap     ] GC(1) Archive regions: 0->0
[0.102s][info][gc,heap     ] GC(1) Humongous regions: 0->0
[0.102s][info][gc,metaspace] GC(1) Metaspace: 1610K(1792K)->1610K(1792K) NonClass: 1471K(1600K)->1471K(1600K) Class: 139K(192K)->139K(192K)
[0.102s][info][gc          ] GC(1) Pause Young (Normal) (G1 Evacuation Pause) 2M->1M(6M) 2.133ms
[0.102s][info][gc,cpu      ] GC(1) User=0.00s Sys=0.00s Real=0.00s
[0.118s][info][gc,start    ] GC(2) Pause Young (Normal) (G1 Preventive Collection)
[0.118s][info][gc,task     ] GC(2) Using 2 workers of 4 for evacuation
[0.119s][info][gc,phases   ] GC(2)   Pre Evacuate Collection Set: 0.1ms
[0.119s][info][gc,phases   ] GC(2)   Merge Heap Roots: 0.1ms
[0.119s][info][gc,phases   ] GC(2)   Evacuate Collection Set: 0.9ms
[0.119s][info][gc,phases   ] GC(2)   Post Evacuate Collection Set: 0.3ms
[0.119s][info][gc,phases   ] GC(2)   Other: 0.1ms
[0.119s][info][gc,heap     ] GC(2) Eden regions: 1->0(1)
[0.119s][info][gc,heap     ] GC(2) Survivor regions: 1->1(1)
[0.119s][info][gc,heap     ] GC(2) Old regions: 0->0
[0.119s][info][gc,heap     ] GC(2) Archive regions: 0->0
[0.119s][info][gc,heap     ] GC(2) Humongous regions: 0->0
[0.119s][info][gc,metaspace] GC(2) Metaspace: 1641K(1792K)->1641K(1792K) NonClass: 1499K(1600K)->1499K(1600K) Class: 141K(192K)->141K(192K)
[0.119s][info][gc          ] GC(2) Pause Young (Normal) (G1 Preventive Collection) 3M->1M(6M) 1.705ms
[0.119s][info][gc,cpu      ] GC(2) User=0.00s Sys=0.00s Real=0.00s
[0.125s][info][gc,start    ] GC(3) Pause Young (Normal) (G1 Preventive Collection)
[0.125s][info][gc,task     ] GC(3) Using 2 workers of 4 for evacuation
[0.126s][info][gc,phases   ] GC(3)   Pre Evacuate Collection Set: 0.2ms
[0.126s][info][gc,phases   ] GC(3)   Merge Heap Roots: 0.0ms
[0.126s][info][gc,phases   ] GC(3)   Evacuate Collection Set: 0.9ms
[0.126s][info][gc,phases   ] GC(3)   Post Evacuate Collection Set: 0.3ms
[0.126s][info][gc,phases   ] GC(3)   Other: 0.1ms
[0.126s][info][gc,heap     ] GC(3) Eden regions: 1->0(1)
[0.126s][info][gc,heap     ] GC(3) Survivor regions: 1->1(1)
[0.126s][info][gc,heap     ] GC(3) Old regions: 0->0
[0.127s][info][gc,heap     ] GC(3) Archive regions: 0->0
[0.127s][info][gc,heap     ] GC(3) Humongous regions: 0->0
[0.127s][info][gc,metaspace] GC(3) Metaspace: 1641K(1792K)->1641K(1792K) NonClass: 1499K(1600K)->1499K(1600K) Class: 141K(192K)->141K(192K)
[0.127s][info][gc          ] GC(3) Pause Young (Normal) (G1 Preventive Collection) 3M->1M(6M) 1.612ms
[0.127s][info][gc,cpu      ] GC(3) User=0.00s Sys=0.00s Real=0.00s
[0.134s][info][gc,start    ] GC(4) Pause Young (Normal) (G1 Preventive Collection)
[0.134s][info][gc,task     ] GC(4) Using 2 workers of 4 for evacuation
[0.136s][info][gc,phases   ] GC(4)   Pre Evacuate Collection Set: 0.1ms
[0.136s][info][gc,phases   ] GC(4)   Merge Heap Roots: 0.1ms
[0.136s][info][gc,phases   ] GC(4)   Evacuate Collection Set: 1.3ms
[0.136s][info][gc,phases   ] GC(4)   Post Evacuate Collection Set: 0.4ms
[0.136s][info][gc,phases   ] GC(4)   Other: 0.1ms
[0.136s][info][gc,heap     ] GC(4) Eden regions: 1->0(3)
[0.136s][info][gc,heap     ] GC(4) Survivor regions: 1->1(1)
[0.136s][info][gc,heap     ] GC(4) Old regions: 0->1
[0.136s][info][gc,heap     ] GC(4) Archive regions: 0->0
[0.136s][info][gc,heap     ] GC(4) Humongous regions: 0->0
[0.136s][info][gc,metaspace] GC(4) Metaspace: 1641K(1792K)->1641K(1792K) NonClass: 1499K(1600K)->1499K(1600K) Class: 141K(192K)->141K(192K)
[0.136s][info][gc          ] GC(4) Pause Young (Normal) (G1 Preventive Collection) 3M->1M(18M) 2.061ms
[0.136s][info][gc,cpu      ] GC(4) User=0.00s Sys=0.00s Real=0.00s
[0.168s][info][gc,start    ] GC(5) Pause Young (Normal) (G1 Evacuation Pause)
[0.168s][info][gc,task     ] GC(5) Using 2 workers of 4 for evacuation
[0.169s][info][gc,phases   ] GC(5)   Pre Evacuate Collection Set: 0.1ms
[0.169s][info][gc,phases   ] GC(5)   Merge Heap Roots: 0.0ms
[0.169s][info][gc,phases   ] GC(5)   Evacuate Collection Set: 0.6ms
[0.169s][info][gc,phases   ] GC(5)   Post Evacuate Collection Set: 0.1ms
[0.169s][info][gc,phases   ] GC(5)   Other: 0.1ms
[0.169s][info][gc,heap     ] GC(5) Eden regions: 3->0(4)
[0.169s][info][gc,heap     ] GC(5) Survivor regions: 1->1(1)
[0.169s][info][gc,heap     ] GC(5) Old regions: 1->1
[0.169s][info][gc,heap     ] GC(5) Archive regions: 0->0
[0.169s][info][gc,heap     ] GC(5) Humongous regions: 0->0
[0.169s][info][gc,metaspace] GC(5) Metaspace: 1641K(1792K)->1641K(1792K) NonClass: 1499K(1600K)->1499K(1600K) Class: 141K(192K)->141K(192K)
[0.169s][info][gc          ] GC(5) Pause Young (Normal) (G1 Evacuation Pause) 7M->1M(18M) 1.020ms
[0.169s][info][gc,cpu      ] GC(5) User=0.00s Sys=0.00s Real=0.00s
[0.229s][info][gc,start    ] GC(6) Pause Young (Normal) (G1 Evacuation Pause)
[0.230s][info][gc,task     ] GC(6) Using 2 workers of 4 for evacuation
[0.231s][info][gc,phases   ] GC(6)   Pre Evacuate Collection Set: 0.1ms
[0.231s][info][gc,phases   ] GC(6)   Merge Heap Roots: 0.1ms
[0.231s][info][gc,phases   ] GC(6)   Evacuate Collection Set: 0.6ms
[0.231s][info][gc,phases   ] GC(6)   Post Evacuate Collection Set: 0.3ms
[0.231s][info][gc,phases   ] GC(6)   Other: 0.1ms
[0.231s][info][gc,heap     ] GC(6) Eden regions: 4->0(4)
[0.231s][info][gc,heap     ] GC(6) Survivor regions: 1->1(1)
[0.231s][info][gc,heap     ] GC(6) Old regions: 1->1
[0.231s][info][gc,heap     ] GC(6) Archive regions: 0->0
[0.231s][info][gc,heap     ] GC(6) Humongous regions: 0->0
[0.231s][info][gc,metaspace] GC(6) Metaspace: 1641K(1792K)->1641K(1792K) NonClass: 1499K(1600K)->1499K(1600K) Class: 141K(192K)->141K(192K)
[0.231s][info][gc          ] GC(6) Pause Young (Normal) (G1 Evacuation Pause) 9M->1M(18M) 1.427ms
[0.231s][info][gc,cpu      ] GC(6) User=0.00s Sys=0.00s Real=0.00s
[0.306s][info][gc,start    ] GC(7) Pause Young (Normal) (G1 Evacuation Pause)
[0.306s][info][gc,task     ] GC(7) Using 2 workers of 4 for evacuation
[0.308s][info][gc,phases   ] GC(7)   Pre Evacuate Collection Set: 0.1ms
[0.308s][info][gc,phases   ] GC(7)   Merge Heap Roots: 0.1ms
[0.308s][info][gc,phases   ] GC(7)   Evacuate Collection Set: 0.8ms
[0.308s][info][gc,phases   ] GC(7)   Post Evacuate Collection Set: 0.3ms
[0.308s][info][gc,phases   ] GC(7)   Other: 0.1ms
[0.308s][info][gc,heap     ] GC(7) Eden regions: 4->0(4)
[0.308s][info][gc,heap     ] GC(7) Survivor regions: 1->1(1)
[0.308s][info][gc,heap     ] GC(7) Old regions: 1->1
[0.308s][info][gc,heap     ] GC(7) Archive regions: 0->0
[0.308s][info][gc,heap     ] GC(7) Humongous regions: 0->0
[0.308s][info][gc,metaspace] GC(7) Metaspace: 1641K(1792K)->1641K(1792K) NonClass: 1499K(1600K)->1499K(1600K) Class: 141K(192K)->141K(192K)
[0.308s][info][gc          ] GC(7) Pause Young (Normal) (G1 Evacuation Pause) 9M->1M(18M) 1.577ms
[0.308s][info][gc,cpu      ] GC(7) User=0.00s Sys=0.00s Real=0.00s
[0.394s][info][gc,start    ] GC(8) Pause Young (Normal) (G1 Evacuation Pause)
[0.394s][info][gc,task     ] GC(8) Using 2 workers of 4 for evacuation
[0.396s][info][gc,phases   ] GC(8)   Pre Evacuate Collection Set: 0.1ms
[0.396s][info][gc,phases   ] GC(8)   Merge Heap Roots: 0.0ms
[0.396s][info][gc,phases   ] GC(8)   Evacuate Collection Set: 1.1ms
[0.396s][info][gc,phases   ] GC(8)   Post Evacuate Collection Set: 0.4ms
[0.396s][info][gc,phases   ] GC(8)   Other: 0.1ms
[0.396s][info][gc,heap     ] GC(8) Eden regions: 4->0(8)
[0.396s][info][gc,heap     ] GC(8) Survivor regions: 1->1(1)
[0.396s][info][gc,heap     ] GC(8) Old regions: 1->1
[0.396s][info][gc,heap     ] GC(8) Archive regions: 0->0
[0.396s][info][gc,heap     ] GC(8) Humongous regions: 0->0
[0.396s][info][gc,metaspace] GC(8) Metaspace: 1641K(1792K)->1641K(1792K) NonClass: 1499K(1600K)->1499K(1600K) Class: 141K(192K)->141K(192K)
[0.396s][info][gc          ] GC(8) Pause Young (Normal) (G1 Evacuation Pause) 9M->1M(32M) 1.849ms
[0.396s][info][gc,cpu      ] GC(8) User=0.00s Sys=0.00s Real=0.00s
[0.636s][info][gc,start    ] GC(9) Pause Young (Normal) (G1 Evacuation Pause)
[0.636s][info][gc,task     ] GC(9) Using 2 workers of 4 for evacuation
[0.637s][info][gc,phases   ] GC(9)   Pre Evacuate Collection Set: 0.1ms
[0.637s][info][gc,phases   ] GC(9)   Merge Heap Roots: 0.1ms
[0.637s][info][gc,phases   ] GC(9)   Evacuate Collection Set: 1.2ms
[0.637s][info][gc,phases   ] GC(9)   Post Evacuate Collection Set: 0.1ms
[0.637s][info][gc,phases   ] GC(9)   Other: 0.1ms
[0.637s][info][gc,heap     ] GC(9) Eden regions: 8->0(8)
[0.637s][info][gc,heap     ] GC(9) Survivor regions: 1->1(2)
[0.637s][info][gc,heap     ] GC(9) Old regions: 1->1
[0.637s][info][gc,heap     ] GC(9) Archive regions: 0->0
[0.637s][info][gc,heap     ] GC(9) Humongous regions: 0->0
[0.637s][info][gc,metaspace] GC(9) Metaspace: 1641K(1792K)->1641K(1792K) NonClass: 1499K(1600K)->1499K(1600K) Class: 141K(192K)->141K(192K)
[0.637s][info][gc          ] GC(9) Pause Young (Normal) (G1 Evacuation Pause) 17M->2M(32M) 1.727ms
[0.637s][info][gc,cpu      ] GC(9) User=0.00s Sys=0.00s Real=0.00s
[0.914s][info][gc,start    ] GC(10) Pause Young (Normal) (G1 Evacuation Pause)
[0.914s][info][gc,task     ] GC(10) Using 2 workers of 4 for evacuation
[0.916s][info][gc,phases   ] GC(10)   Pre Evacuate Collection Set: 0.1ms
[0.916s][info][gc,phases   ] GC(10)   Merge Heap Roots: 0.1ms
[0.916s][info][gc,phases   ] GC(10)   Evacuate Collection Set: 1.3ms
[0.916s][info][gc,phases   ] GC(10)   Post Evacuate Collection Set: 0.3ms
[0.916s][info][gc,phases   ] GC(10)   Other: 0.1ms
[0.916s][info][gc,heap     ] GC(10) Eden regions: 8->0(8)
[0.916s][info][gc,heap     ] GC(10) Survivor regions: 1->1(2)
[0.916s][info][gc,heap     ] GC(10) Old regions: 1->1
[0.916s][info][gc,heap     ] GC(10) Archive regions: 0->0
[0.916s][info][gc,heap     ] GC(10) Humongous regions: 0->0
[0.916s][info][gc,metaspace] GC(10) Metaspace: 1641K(1792K)->1641K(1792K) NonClass: 1499K(1600K)->1499K(1600K) Class: 141K(192K)->141K(192K)
[0.916s][info][gc          ] GC(10) Pause Young (Normal) (G1 Evacuation Pause) 18M->2M(32M) 2.041ms
[0.916s][info][gc,cpu      ] GC(10) User=0.00s Sys=0.00s Real=0.00s
[1.202s][info][gc,start    ] GC(11) Pause Young (Normal) (G1 Evacuation Pause)
[1.202s][info][gc,task     ] GC(11) Using 2 workers of 4 for evacuation
[1.204s][info][gc,phases   ] GC(11)   Pre Evacuate Collection Set: 0.1ms
[1.204s][info][gc,phases   ] GC(11)   Merge Heap Roots: 0.1ms
[1.204s][info][gc,phases   ] GC(11)   Evacuate Collection Set: 1.2ms
[1.204s][info][gc,phases   ] GC(11)   Post Evacuate Collection Set: 0.3ms
[1.204s][info][gc,phases   ] GC(11)   Other: 0.1ms
[1.204s][info][gc,heap     ] GC(11) Eden regions: 8->0(8)
[1.204s][info][gc,heap     ] GC(11) Survivor regions: 1->1(2)
[1.204s][info][gc,heap     ] GC(11) Old regions: 1->1
[1.204s][info][gc,heap     ] GC(11) Archive regions: 0->0
[1.204s][info][gc,heap     ] GC(11) Humongous regions: 0->0
[1.204s][info][gc,metaspace] GC(11) Metaspace: 1641K(1792K)->1641K(1792K) NonClass: 1499K(1600K)->1499K(1600K) Class: 141K(192K)->141K(192K)
[1.204s][info][gc          ] GC(11) Pause Young (Normal) (G1 Evacuation Pause) 18M->2M(32M) 1.972ms
[1.204s][info][gc,cpu      ] GC(11) User=0.00s Sys=0.00s Real=0.00s
[1.306s][info][gc,heap,exit] Heap
[1.306s][info][gc,heap,exit]  garbage-first heap   total 32768K, used 8515K [0x0000000701400000, 0x0000000800000000)
[1.306s][info][gc,heap,exit]   region size 2048K, 4 young (8192K), 1 survivors (2048K)
[1.306s][info][gc,heap,exit]  Metaspace       used 1676K, committed 1792K, reserved 1056768K
[1.306s][info][gc,heap,exit]   class space    used 143K, committed 192K, reserved 1048576K
